// Jest Snapshot v1, https://goo.gl/fbAQLP

exports[`matches snapshot 1`] = `
<DocumentFragment>
  <div>
    <div
      style="width: 300px; height: 300px; background-color: purple;"
    />
    <button>
      X
    </button>
  </div>
</DocumentFragment>
`;
